// Jest Snapshot v1, https://goo.gl/fbAQLP

exports[`Root renders without crashing 1`] = `
<div>
  <div
    class="Root"
  >
    <div
      class="search-form-container"
    >
      <form
        id="search-form"
      >
        <input
          class="search-form-input"
          name="search-params"
          placeholder="What kind of GIF would you like to see..?"
          type="text"
          value=""
        />
        <button
          class="btn-primary"
          disabled=""
          type="submit"
          value="submit"
        >
          Search!
        </button>
      </form>
    </div>
    <div />
  </div>
</div>
`;
